0000	31 00 01	LXI 0100H	;SP=0100
0003	06 AA		MVI B,AAH	;B=AA
0005	0E BB		MVI C,BBH	;C=BB
0007	C5		PUSH B		;00FF=BB,00FE=AA,SP=00FE
0008	06 00		MVI B,00H	;B=00
000A	48		MOV C,B		;C=00
000B	C1		POP B		;B=AA,C=BB,SP=0100
000C	76		HALT

        x"31",x"00",x"01",x"06",x"AA",x"0E",x"BB",x"C5", -- 00H
        x"06",x"00",x"48",x"C1",x"76",x"FF",x"FF",x"FF", -- 08H
        x"FF",x"FF",x"FF",x"FF",x"FF",x"FF",x"FF",x"FF", -- 10H
        x"FF",x"FF",x"FF",x"FF",x"FF",x"FF",x"FF",x"FF", -- 18H
        x"FF",x"FF",x"FF",x"FF",x"FF",x"FF",x"FF",x"FF", -- 20H
        x"FF",x"FF",x"FF",x"FF",x"FF",x"FF",x"FF",x"FF", -- 28H
        x"FF",x"FF",x"FF",x"FF",x"FF",x"FF",x"FF",x"FF", -- 30H
        x"FF",x"FF",x"FF",x"FF",x"FF",x"FF",x"FF",x"FF", -- 38H
        x"FF",x"FF",x"FF",x"FF",x"FF",x"FF",x"FF",x"FF", -- 40H
        x"FF",x"FF",x"FF",x"FF",x"FF",x"FF",x"FF",x"FF", -- 48H
        x"FF",x"FF",x"FF",x"FF",x"FF",x"FF",x"FF",x"FF", -- 50H
        x"FF",x"FF",x"FF",x"FF",x"FF",x"FF",x"FF",x"FF", -- 58H
        x"FF",x"FF",x"FF",x"FF",x"FF",x"FF",x"FF",x"FF", -- 60H
        x"FF",x"FF",x"FF",x"FF",x"FF",x"FF",x"FF",x"FF", -- 68H
        x"FF",x"FF",x"FF",x"FF",x"FF",x"FF",x"FF",x"FF", -- 70H
        x"FF",x"FF",x"FF",x"FF",x"FF",x"FF",x"FF",x"FF", -- 78H
        x"FF",x"FF",x"FF",x"FF",x"FF",x"FF",x"FF",x"FF", -- 80H
        x"FF",x"FF",x"FF",x"FF",x"FF",x"FF",x"FF",x"FF", -- 88H
        x"FF",x"FF",x"FF",x"FF",x"FF",x"FF",x"FF",x"FF", -- 90H
        x"FF",x"FF",x"FF",x"FF",x"FF",x"FF",x"FF",x"FF", -- 98H
        x"FF",x"FF",x"FF",x"FF",x"FF",x"FF",x"FF",x"FF", -- A0H
        x"FF",x"FF",x"FF",x"FF",x"FF",x"FF",x"FF",x"FF", -- A8H
        x"FF",x"FF",x"FF",x"FF",x"FF",x"FF",x"FF",x"FF", -- B0H
        x"FF",x"FF",x"FF",x"FF",x"FF",x"FF",x"FF",x"FF", -- B8H
        x"FF",x"FF",x"FF",x"FF",x"FF",x"FF",x"FF",x"FF", -- C0H
        x"FF",x"FF",x"FF",x"FF",x"FF",x"FF",x"FF",x"FF", -- C8H
        x"FF",x"FF",x"FF",x"FF",x"FF",x"FF",x"FF",x"FF", -- D0H
        x"FF",x"FF",x"FF",x"FF",x"FF",x"FF",x"FF",x"FF", -- D8H
        x"FF",x"FF",x"FF",x"FF",x"FF",x"FF",x"FF",x"FF", -- E0H
        x"FF",x"FF",x"FF",x"FF",x"FF",x"FF",x"FF",x"FF", -- E8H
        x"FF",x"FF",x"FF",x"FF",x"FF",x"FF",x"FF",x"FF", -- F0H
        x"FF",x"FF",x"FF",x"FF",x"FF",x"FF",x"FF",x"FF"  -- F8H